#
# There is insufficient memory for the Java Runtime Environment to continue.
# Native memory allocation (malloc) failed to allocate 1250656 bytes for Chunk::new
# Possible reasons:
#   The system is out of physical RAM or swap space
#   The process is running with CompressedOops enabled, and the Java Heap may be blocking the growth of the native heap
# Possible solutions:
#   Reduce memory load on the system
#   Increase physical memory or swap space
#   Check if swap backing store is full
#   Decrease Java heap size (-Xmx/-Xms)
#   Decrease number of Java threads
#   Decrease Java thread stack sizes (-Xss)
#   Set larger code cache with -XX:ReservedCodeCacheSize=
#   JVM is running with Unscaled Compressed Oops mode in which the Java heap is
#     placed in the first 4GB address space. The Java Heap base address is the
#     maximum limit for the native heap growth. Please use -XX:HeapBaseMinAddress
#     to set the Java Heap base and to place the Java Heap above 4GB virtual address.
# This output file may be truncated or incomplete.
#
#  Out of Memory Error (arena.cpp:184), pid=4148, tid=2236
#
# JRE version: Java(TM) SE Runtime Environment (20.0.1+9) (build 20.0.1+9-29)
# Java VM: Java HotSpot(TM) 64-Bit Server VM (20.0.1+9-29, mixed mode, sharing, tiered, compressed oops, compressed class ptrs, g1 gc, windows-amd64)
# No core dump will be written. Minidumps are not enabled by default on client versions of Windows
#

---------------  S U M M A R Y ------------

Command Line: -Xmx64m -Xms64m -Dorg.gradle.appname=gradlew org.gradle.wrapper.GradleWrapperMain app:assembleDebug -x lint -x test --configure-on-demand --build-cache -PreactNativeDevServerPort=8081 -PreactNativeArchitectures=arm64-v8a,armeabi-v7a

Host: AMD Ryzen 5 PRO 3500U w/ Radeon Vega Mobile Gfx, 8 cores, 5G,  Windows 11 , 64 bit Build 26100 (10.0.26100.3323)
Time: Fri Mar 28 00:31:33 2025 SA Western Standard Time elapsed time: 288.486673 seconds (0d 0h 4m 48s)

---------------  T H R E A D  ---------------

Current thread (0x000001abf6db7650):  JavaThread "C2 CompilerThread0" daemon [_thread_in_native, id=2236, stack(0x0000003f37e00000,0x0000003f37f00000)]


Current CompileTask:
C2: 288486 2136       4       org.gradle.internal.logging.console.WorkInProgressRenderer::renderNow (351 bytes)

Stack: [0x0000003f37e00000,0x0000003f37f00000]
Native frames: (J=compiled Java code, j=interpreted, Vv=VM code, C=native code)
V  [jvm.dll+0x6bb95a]
V  [jvm.dll+0x8485fa]
V  [jvm.dll+0x84a1f5]
V  [jvm.dll+0x84a8f3]
V  [jvm.dll+0x280b0f]
V  [jvm.dll+0xc2b11]
V  [jvm.dll+0xc2e35]
V  [jvm.dll+0x2f5dbf]
V  [jvm.dll+0x5e32eb]
V  [jvm.dll+0x2543b4]
V  [jvm.dll+0x25477f]
V  [jvm.dll+0x24cf6d]
V  [jvm.dll+0x24a549]
V  [jvm.dll+0x1ce491]
V  [jvm.dll+0x259e1b]
V  [jvm.dll+0x2584f0]
V  [jvm.dll+0x3f2895]
V  [jvm.dll+0x7f4b56]
V  [jvm.dll+0x6ba5cb]
C  [ucrtbase.dll+0x37b0]
C  [KERNEL32.DLL+0x2e8d7]
C  [ntdll.dll+0xbbf6c]


---------------  P R O C E S S  ---------------

Threads class SMR info:
_java_thread_list=0x000001abfb3e0150, length=12, elements={
0x000001abebf123a0, 0x000001abf6da8050, 0x000001abf6da8b90, 0x000001abf6daf240,
0x000001abf6db3030, 0x000001abf6db4680, 0x000001abf6db5cd0, 0x000001abf6db7650,
0x000001abf6dc7f60, 0x000001abfb0adfb0, 0x000001abfb0c0270, 0x000001abfbce8160
}

Java Threads: ( => current thread )
  0x000001abebf123a0 JavaThread "main" [_thread_in_native, id=30092, stack(0x0000003f37100000,0x0000003f37200000)]
  0x000001abf6da8050 JavaThread "Reference Handler" daemon [_thread_blocked, id=23708, stack(0x0000003f37800000,0x0000003f37900000)]
  0x000001abf6da8b90 JavaThread "Finalizer" daemon [_thread_blocked, id=30844, stack(0x0000003f37900000,0x0000003f37a00000)]
  0x000001abf6daf240 JavaThread "Signal Dispatcher" daemon [_thread_blocked, id=28432, stack(0x0000003f37a00000,0x0000003f37b00000)]
  0x000001abf6db3030 JavaThread "Attach Listener" daemon [_thread_blocked, id=25664, stack(0x0000003f37b00000,0x0000003f37c00000)]
  0x000001abf6db4680 JavaThread "Service Thread" daemon [_thread_blocked, id=28420, stack(0x0000003f37c00000,0x0000003f37d00000)]
  0x000001abf6db5cd0 JavaThread "Monitor Deflation Thread" daemon [_thread_blocked, id=23148, stack(0x0000003f37d00000,0x0000003f37e00000)]
=>0x000001abf6db7650 JavaThread "C2 CompilerThread0" daemon [_thread_in_native, id=2236, stack(0x0000003f37e00000,0x0000003f37f00000)]
  0x000001abf6dc7f60 JavaThread "C1 CompilerThread0" daemon [_thread_blocked, id=7472, stack(0x0000003f37f00000,0x0000003f38000000)]
  0x000001abfb0adfb0 JavaThread "Notification Thread" daemon [_thread_blocked, id=13652, stack(0x0000003f38000000,0x0000003f38100000)]
  0x000001abfb0c0270 JavaThread "Common-Cleaner" daemon [_thread_blocked, id=31580, stack(0x0000003f38200000,0x0000003f38300000)]
  0x000001abfbce8160 JavaThread "pool-1-thread-1" [_thread_blocked, id=14540, stack(0x0000003f38600000,0x0000003f38700000)]

Other Threads:
  0x000001abebfca120 VMThread "VM Thread" [stack: 0x0000003f37700000,0x0000003f37800000] [id=21208]
  0x000001abf6e6ed10 WatcherThread "VM Periodic Task Thread" [stack: 0x0000003f38100000,0x0000003f38200000] [id=13076]
  0x000001abebf37d30 WorkerThread "GC Thread#0" [stack: 0x0000003f37200000,0x0000003f37300000] [id=26264]
  0x000001abfb3ded80 WorkerThread "GC Thread#1" [stack: 0x0000003f38300000,0x0000003f38400000] [id=7560]
  0x000001abfb6ff680 WorkerThread "GC Thread#2" [stack: 0x0000003f38400000,0x0000003f38500000] [id=30780]
  0x000001abfb569ea0 WorkerThread "GC Thread#3" [stack: 0x0000003f38500000,0x0000003f38600000] [id=30148]
  0x000001abfb56a710 WorkerThread "GC Thread#4" [stack: 0x0000003f38a00000,0x0000003f38b00000] [id=12760]
  0x000001abfb569bd0 WorkerThread "GC Thread#5" [stack: 0x0000003f38b00000,0x0000003f38c00000] [id=24456]
  0x000001abfb568af0 WorkerThread "GC Thread#6" [stack: 0x0000003f38c00000,0x0000003f38d00000] [id=21468]
  0x000001abfb569900 WorkerThread "GC Thread#7" [stack: 0x0000003f38d00000,0x0000003f38e00000] [id=18812]
  0x000001abebf39350 ConcurrentGCThread "G1 Main Marker" [stack: 0x0000003f37300000,0x0000003f37400000] [id=10896]
  0x000001abebf3ab00 WorkerThread "G1 Conc#0" [stack: 0x0000003f37400000,0x0000003f37500000] [id=29320]
  0x000001abebfa87a0 ConcurrentGCThread "G1 Refine#0" [stack: 0x0000003f37500000,0x0000003f37600000] [id=25048]
  0x000001abebfaa000 ConcurrentGCThread "G1 Service" [stack: 0x0000003f37600000,0x0000003f37700000] [id=8224]

Threads with active compile tasks:
C2 CompilerThread0   288586 2136       4       org.gradle.internal.logging.console.WorkInProgressRenderer::renderNow (351 bytes)

VM state: not at safepoint (normal execution)

VM Mutex/Monitor currently owned by a thread: None

Heap address: 0x00000000fc000000, size: 64 MB, Compressed Oops mode: 32-bit

CDS archive(s) mapped at: [0x0000000800000000-0x0000000800c60000-0x0000000800c60000), size 12976128, SharedBaseAddress: 0x0000000800000000, ArchiveRelocationMode: 0.
Compressed class space mapped at: 0x0000000801000000-0x0000000841000000, reserved size: 1073741824
Narrow klass base: 0x0000000800000000, Narrow klass shift: 0, Narrow klass range: 0x100000000

GC Precious Log:
 CardTable entry size: 512
 Card Set container configuration: InlinePtr #cards 5 size 8 Array Of Cards #cards 12 size 40 Howl #buckets 4 coarsen threshold 1843 Howl Bitmap #cards 512 size 80 coarsen threshold 460 Card regions per heap region 1 cards per card region 2048
 CPUs: 8 total, 8 available
 Memory: 6030M
 Large Page Support: Disabled
 NUMA Support: Disabled
 Compressed Oops: Enabled (32-bit)
 Heap Region Size: 1M
 Heap Min Capacity: 64M
 Heap Initial Capacity: 64M
 Heap Max Capacity: 64M
 Pre-touch: Disabled
 Parallel Workers: 8
 Concurrent Workers: 2
 Concurrent Refinement Workers: 8
 Periodic GC: Disabled

Heap:
 garbage-first heap   total 65536K, used 21014K [0x00000000fc000000, 0x0000000100000000)
  region size 1024K, 13 young (13312K), 5 survivors (5120K)
 Metaspace       used 10410K, committed 10688K, reserved 1114112K
  class space    used 1336K, committed 1472K, reserved 1048576K

Heap Regions: E=young(eden), S=young(survivor), O=old, HS=humongous(starts), HC=humongous(continues), CS=collection set, F=free, OA=open archive, CA=closed archive, TAMS=top-at-mark-start, PB=parsable bottom
|   0|0x00000000fc000000, 0x00000000fc100000, 0x00000000fc100000|100%| O|  |TAMS 0x00000000fc000000| PB 0x00000000fc000000| Untracked 
|   1|0x00000000fc100000, 0x00000000fc200000, 0x00000000fc200000|100%| O|  |TAMS 0x00000000fc100000| PB 0x00000000fc100000| Untracked 
|   2|0x00000000fc200000, 0x00000000fc300000, 0x00000000fc300000|100%|HS|  |TAMS 0x00000000fc200000| PB 0x00000000fc200000| Complete 
|   3|0x00000000fc300000, 0x00000000fc400000, 0x00000000fc400000|100%|HC|  |TAMS 0x00000000fc300000| PB 0x00000000fc300000| Complete 
|   4|0x00000000fc400000, 0x00000000fc500000, 0x00000000fc500000|100%|HC|  |TAMS 0x00000000fc400000| PB 0x00000000fc400000| Complete 
|   5|0x00000000fc500000, 0x00000000fc600000, 0x00000000fc600000|100%|HC|  |TAMS 0x00000000fc500000| PB 0x00000000fc500000| Complete 
|   6|0x00000000fc600000, 0x00000000fc700000, 0x00000000fc700000|100%| O|  |TAMS 0x00000000fc600000| PB 0x00000000fc600000| Untracked 
|   7|0x00000000fc700000, 0x00000000fc800000, 0x00000000fc800000|100%| O|  |TAMS 0x00000000fc700000| PB 0x00000000fc700000| Untracked 
|   8|0x00000000fc800000, 0x00000000fc885a00, 0x00000000fc900000| 52%| O|  |TAMS 0x00000000fc800000| PB 0x00000000fc800000| Untracked 
|   9|0x00000000fc900000, 0x00000000fc900000, 0x00000000fca00000|  0%| F|  |TAMS 0x00000000fc900000| PB 0x00000000fc900000| Untracked 
|  10|0x00000000fca00000, 0x00000000fca00000, 0x00000000fcb00000|  0%| F|  |TAMS 0x00000000fca00000| PB 0x00000000fca00000| Untracked 
|  11|0x00000000fcb00000, 0x00000000fcb00000, 0x00000000fcc00000|  0%| F|  |TAMS 0x00000000fcb00000| PB 0x00000000fcb00000| Untracked 
|  12|0x00000000fcc00000, 0x00000000fcc00000, 0x00000000fcd00000|  0%| F|  |TAMS 0x00000000fcc00000| PB 0x00000000fcc00000| Untracked 
|  13|0x00000000fcd00000, 0x00000000fcd00000, 0x00000000fce00000|  0%| F|  |TAMS 0x00000000fcd00000| PB 0x00000000fcd00000| Untracked 
|  14|0x00000000fce00000, 0x00000000fce00000, 0x00000000fcf00000|  0%| F|  |TAMS 0x00000000fce00000| PB 0x00000000fce00000| Untracked 
|  15|0x00000000fcf00000, 0x00000000fcf00000, 0x00000000fd000000|  0%| F|  |TAMS 0x00000000fcf00000| PB 0x00000000fcf00000| Untracked 
|  16|0x00000000fd000000, 0x00000000fd000000, 0x00000000fd100000|  0%| F|  |TAMS 0x00000000fd000000| PB 0x00000000fd000000| Untracked 
|  17|0x00000000fd100000, 0x00000000fd100000, 0x00000000fd200000|  0%| F|  |TAMS 0x00000000fd100000| PB 0x00000000fd100000| Untracked 
|  18|0x00000000fd200000, 0x00000000fd200000, 0x00000000fd300000|  0%| F|  |TAMS 0x00000000fd200000| PB 0x00000000fd200000| Untracked 
|  19|0x00000000fd300000, 0x00000000fd300000, 0x00000000fd400000|  0%| F|  |TAMS 0x00000000fd300000| PB 0x00000000fd300000| Untracked 
|  20|0x00000000fd400000, 0x00000000fd400000, 0x00000000fd500000|  0%| F|  |TAMS 0x00000000fd400000| PB 0x00000000fd400000| Untracked 
|  21|0x00000000fd500000, 0x00000000fd500000, 0x00000000fd600000|  0%| F|  |TAMS 0x00000000fd500000| PB 0x00000000fd500000| Untracked 
|  22|0x00000000fd600000, 0x00000000fd600000, 0x00000000fd700000|  0%| F|  |TAMS 0x00000000fd600000| PB 0x00000000fd600000| Untracked 
|  23|0x00000000fd700000, 0x00000000fd700000, 0x00000000fd800000|  0%| F|  |TAMS 0x00000000fd700000| PB 0x00000000fd700000| Untracked 
|  24|0x00000000fd800000, 0x00000000fd800000, 0x00000000fd900000|  0%| F|  |TAMS 0x00000000fd800000| PB 0x00000000fd800000| Untracked 
|  25|0x00000000fd900000, 0x00000000fd900000, 0x00000000fda00000|  0%| F|  |TAMS 0x00000000fd900000| PB 0x00000000fd900000| Untracked 
|  26|0x00000000fda00000, 0x00000000fdb00000, 0x00000000fdb00000|100%| S|CS|TAMS 0x00000000fda00000| PB 0x00000000fda00000| Complete 
|  27|0x00000000fdb00000, 0x00000000fdc00000, 0x00000000fdc00000|100%| S|CS|TAMS 0x00000000fdb00000| PB 0x00000000fdb00000| Complete 
|  28|0x00000000fdc00000, 0x00000000fdd00000, 0x00000000fdd00000|100%| S|CS|TAMS 0x00000000fdc00000| PB 0x00000000fdc00000| Complete 
|  29|0x00000000fdd00000, 0x00000000fde00000, 0x00000000fde00000|100%| S|CS|TAMS 0x00000000fdd00000| PB 0x00000000fdd00000| Complete 
|  30|0x00000000fde00000, 0x00000000fdf00000, 0x00000000fdf00000|100%| S|CS|TAMS 0x00000000fde00000| PB 0x00000000fde00000| Complete 
|  31|0x00000000fdf00000, 0x00000000fdf00000, 0x00000000fe000000|  0%| F|  |TAMS 0x00000000fdf00000| PB 0x00000000fdf00000| Untracked 
|  32|0x00000000fe000000, 0x00000000fe000000, 0x00000000fe100000|  0%| F|  |TAMS 0x00000000fe000000| PB 0x00000000fe000000| Untracked 
|  33|0x00000000fe100000, 0x00000000fe100000, 0x00000000fe200000|  0%| F|  |TAMS 0x00000000fe100000| PB 0x00000000fe100000| Untracked 
|  34|0x00000000fe200000, 0x00000000fe200000, 0x00000000fe300000|  0%| F|  |TAMS 0x00000000fe200000| PB 0x00000000fe200000| Untracked 
|  35|0x00000000fe300000, 0x00000000fe300000, 0x00000000fe400000|  0%| F|  |TAMS 0x00000000fe300000| PB 0x00000000fe300000| Untracked 
|  36|0x00000000fe400000, 0x00000000fe400000, 0x00000000fe500000|  0%| F|  |TAMS 0x00000000fe400000| PB 0x00000000fe400000| Untracked 
|  37|0x00000000fe500000, 0x00000000fe500000, 0x00000000fe600000|  0%| F|  |TAMS 0x00000000fe500000| PB 0x00000000fe500000| Untracked 
|  38|0x00000000fe600000, 0x00000000fe600000, 0x00000000fe700000|  0%| F|  |TAMS 0x00000000fe600000| PB 0x00000000fe600000| Untracked 
|  39|0x00000000fe700000, 0x00000000fe700000, 0x00000000fe800000|  0%| F|  |TAMS 0x00000000fe700000| PB 0x00000000fe700000| Untracked 
|  40|0x00000000fe800000, 0x00000000fe800000, 0x00000000fe900000|  0%| F|  |TAMS 0x00000000fe800000| PB 0x00000000fe800000| Untracked 
|  41|0x00000000fe900000, 0x00000000fe900000, 0x00000000fea00000|  0%| F|  |TAMS 0x00000000fe900000| PB 0x00000000fe900000| Untracked 
|  42|0x00000000fea00000, 0x00000000fea00000, 0x00000000feb00000|  0%| F|  |TAMS 0x00000000fea00000| PB 0x00000000fea00000| Untracked 
|  43|0x00000000feb00000, 0x00000000feb00000, 0x00000000fec00000|  0%| F|  |TAMS 0x00000000feb00000| PB 0x00000000feb00000| Untracked 
|  44|0x00000000fec00000, 0x00000000fec00000, 0x00000000fed00000|  0%| F|  |TAMS 0x00000000fec00000| PB 0x00000000fec00000| Untracked 
|  45|0x00000000fed00000, 0x00000000fed00000, 0x00000000fee00000|  0%| F|  |TAMS 0x00000000fed00000| PB 0x00000000fed00000| Untracked 
|  46|0x00000000fee00000, 0x00000000fee00000, 0x00000000fef00000|  0%| F|  |TAMS 0x00000000fee00000| PB 0x00000000fee00000| Untracked 
|  47|0x00000000fef00000, 0x00000000fef00000, 0x00000000ff000000|  0%| F|  |TAMS 0x00000000fef00000| PB 0x00000000fef00000| Untracked 
|  48|0x00000000ff000000, 0x00000000ff000000, 0x00000000ff100000|  0%| F|  |TAMS 0x00000000ff000000| PB 0x00000000ff000000| Untracked 
|  49|0x00000000ff100000, 0x00000000ff100000, 0x00000000ff200000|  0%| F|  |TAMS 0x00000000ff100000| PB 0x00000000ff100000| Untracked 
|  50|0x00000000ff200000, 0x00000000ff200000, 0x00000000ff300000|  0%| F|  |TAMS 0x00000000ff200000| PB 0x00000000ff200000| Untracked 
|  51|0x00000000ff300000, 0x00000000ff300000, 0x00000000ff400000|  0%| F|  |TAMS 0x00000000ff300000| PB 0x00000000ff300000| Untracked 
|  52|0x00000000ff400000, 0x00000000ff400000, 0x00000000ff500000|  0%| F|  |TAMS 0x00000000ff400000| PB 0x00000000ff400000| Untracked 
|  53|0x00000000ff500000, 0x00000000ff500000, 0x00000000ff600000|  0%| F|  |TAMS 0x00000000ff500000| PB 0x00000000ff500000| Untracked 
|  54|0x00000000ff600000, 0x00000000ff600000, 0x00000000ff700000|  0%| F|  |TAMS 0x00000000ff600000| PB 0x00000000ff600000| Untracked 
|  55|0x00000000ff700000, 0x00000000ff700000, 0x00000000ff800000|  0%| F|  |TAMS 0x00000000ff700000| PB 0x00000000ff700000| Untracked 
|  56|0x00000000ff800000, 0x00000000ff8f6558, 0x00000000ff900000| 96%| E|  |TAMS 0x00000000ff800000| PB 0x00000000ff800000| Complete 
|  57|0x00000000ff900000, 0x00000000ffa00000, 0x00000000ffa00000|100%| E|CS|TAMS 0x00000000ff900000| PB 0x00000000ff900000| Complete 
|  58|0x00000000ffa00000, 0x00000000ffb00000, 0x00000000ffb00000|100%| E|CS|TAMS 0x00000000ffa00000| PB 0x00000000ffa00000| Complete 
|  59|0x00000000ffb00000, 0x00000000ffc00000, 0x00000000ffc00000|100%| E|CS|TAMS 0x00000000ffb00000| PB 0x00000000ffb00000| Complete 
|  60|0x00000000ffc00000, 0x00000000ffd00000, 0x00000000ffd00000|100%| E|CS|TAMS 0x00000000ffc00000| PB 0x00000000ffc00000| Complete 
|  61|0x00000000ffd00000, 0x00000000ffe00000, 0x00000000ffe00000|100%| E|CS|TAMS 0x00000000ffd00000| PB 0x00000000ffd00000| Complete 
|  62|0x00000000ffe00000, 0x00000000fff00000, 0x00000000fff00000|100%| E|CS|TAMS 0x00000000ffe00000| PB 0x00000000ffe00000| Complete 
|  63|0x00000000fff00000, 0x0000000100000000, 0x0000000100000000|100%| E|CS|TAMS 0x00000000fff00000| PB 0x00000000fff00000| Complete 

Card table byte_map: [0x000001abe9ee0000,0x000001abe9f00000] _byte_map_base: 0x000001abe9700000

Marking Bits: (CMBitMap*) 0x000001abebf38270
 Bits: [0x000001abf42f0000, 0x000001abf43f0000)

Polling page: 0x000001abe9e70000

Metaspace:

Usage:
  Non-class:      8.86 MB used.
      Class:      1.31 MB used.
       Both:     10.17 MB used.

Virtual space:
  Non-class space:       64.00 MB reserved,       9.00 MB ( 14%) committed,  1 nodes.
      Class space:        1.00 GB reserved,       1.44 MB ( <1%) committed,  1 nodes.
             Both:        1.06 GB reserved,      10.44 MB ( <1%) committed. 

Chunk freelists:
   Non-Class:  3.00 MB
       Class:  2.44 MB
        Both:  5.44 MB

MaxMetaspaceSize: unlimited
CompressedClassSpaceSize: 1.00 GB
Initial GC threshold: 21.00 MB
Current GC threshold: 21.00 MB
CDS: on
MetaspaceReclaimPolicy: balanced
 - commit_granule_bytes: 65536.
 - commit_granule_words: 8192.
 - virtual_space_node_default_size: 8388608.
 - enlarge_chunks_in_place: 1.
 - new_chunks_are_fully_committed: 0.
 - uncommit_free_chunks: 1.
 - use_allocation_guard: 0.


Internal statistics:

num_allocs_failed_limit: 0.
num_arena_births: 250.
num_arena_deaths: 0.
num_vsnodes_births: 2.
num_vsnodes_deaths: 0.
num_space_committed: 167.
num_space_uncommitted: 0.
num_chunks_returned_to_freelist: 0.
num_chunks_taken_from_freelist: 547.
num_chunk_merges: 0.
num_chunk_splits: 353.
num_chunks_enlarged: 269.
num_inconsistent_stats: 0.

CodeHeap 'non-profiled nmethods': size=120000Kb used=858Kb max_used=858Kb free=119142Kb
 bounds [0x000001ab87ad0000, 0x000001ab87d40000, 0x000001ab8f000000]
CodeHeap 'profiled nmethods': size=120000Kb used=4090Kb max_used=4090Kb free=115909Kb
 bounds [0x000001ab80000000, 0x000001ab80400000, 0x000001ab87530000]
CodeHeap 'non-nmethods': size=5760Kb used=1458Kb max_used=1492Kb free=4301Kb
 bounds [0x000001ab87530000, 0x000001ab877a0000, 0x000001ab87ad0000]
 total_blobs=2626 nmethods=2135 adapters=401
 compilation: enabled
              stopped_count=0, restarted_count=0
 full_count=0

Compilation events (20 events):
Event: 267.017 Thread 0x000001abf6dc7f60 nmethod 2126 0x000001ab803fd190 code [0x000001ab803fd360, 0x000001ab803fd860]
Event: 267.017 Thread 0x000001abf6dc7f60 2127       3       org.gradle.internal.logging.text.AbstractStyledTextOutput::text (19 bytes)
Event: 267.020 Thread 0x000001abf6dc7f60 nmethod 2127 0x000001ab803fda90 code [0x000001ab803fdc40, 0x000001ab803fdf30]
Event: 267.020 Thread 0x000001abf6dc7f60 2128       3       java.util.Arrays::copyOf (19 bytes)
Event: 267.021 Thread 0x000001abf6dc7f60 nmethod 2128 0x000001ab803fe010 code [0x000001ab803fe1c0, 0x000001ab803fe4b0]
Event: 267.024 Thread 0x000001abf6dc7f60 2129       1       org.gradle.internal.logging.console.AnsiConsole::access$100 (5 bytes)
Event: 267.028 Thread 0x000001abf6dc7f60 nmethod 2129 0x000001ab87b9c810 code [0x000001ab87b9c980, 0x000001ab87b9ca30]
Event: 273.046 Thread 0x000001abf6db7650 2130       4       org.gradle.internal.logging.console.BuildStatusRenderer::onOutput (350 bytes)
Event: 273.715 Thread 0x000001abf6db7650 nmethod 2130 0x000001ab87b9cb10 code [0x000001ab87b9d180, 0x000001ab87ba2020]
Event: 276.842 Thread 0x000001abf6dc7f60 2131       3       com.google.common.collect.Lists$ReverseList$1::<init> (15 bytes)
Event: 276.844 Thread 0x000001abf6dc7f60 nmethod 2131 0x000001ab803fe610 code [0x000001ab803fe7a0, 0x000001ab803fe9c8]
Event: 281.642 Thread 0x000001abf6db7650 2132       4       java.util.concurrent.locks.ReentrantLock$Sync::isHeldExclusively (16 bytes)
Event: 281.643 Thread 0x000001abf6db7650 nmethod 2132 0x000001ab87ba5a10 code [0x000001ab87ba5b80, 0x000001ab87ba5c38]
Event: 282.840 Thread 0x000001abf6db7650 2133       4       java.util.concurrent.ScheduledThreadPoolExecutor$ScheduledFutureTask::getDelay (16 bytes)
Event: 282.847 Thread 0x000001abf6db7650 nmethod 2133 0x000001ab87ba5d10 code [0x000001ab87ba5e80, 0x000001ab87ba5fc0]
Event: 284.333 Thread 0x000001abf6db7650 2134       4       java.util.concurrent.locks.LockSupport::setBlocker (12 bytes)
Event: 284.335 Thread 0x000001abf6db7650 nmethod 2134 0x000001ab87ba6110 code [0x000001ab87ba6280, 0x000001ab87ba63a8]
Event: 286.037 Thread 0x000001abf6db7650 2135       4       java.util.ArrayDeque$DeqIterator::next (62 bytes)
Event: 286.043 Thread 0x000001abf6db7650 nmethod 2135 0x000001ab87ba6410 code [0x000001ab87ba6580, 0x000001ab87ba66a8]
Event: 287.045 Thread 0x000001abf6db7650 2136       4       org.gradle.internal.logging.console.WorkInProgressRenderer::renderNow (351 bytes)

GC Heap History (4 events):
Event: 1.213 GC heap before
{Heap before GC invocations=0 (full 0):
 garbage-first heap   total 65536K, used 22528K [0x00000000fc000000, 0x0000000100000000)
  region size 1024K, 23 young (23552K), 0 survivors (0K)
 Metaspace       used 1789K, committed 1984K, reserved 1114112K
  class space    used 159K, committed 256K, reserved 1048576K
}
Event: 1.227 GC heap after
{Heap after GC invocations=1 (full 0):
 garbage-first heap   total 65536K, used 4160K [0x00000000fc000000, 0x0000000100000000)
  region size 1024K, 3 young (3072K), 3 survivors (3072K)
 Metaspace       used 1789K, committed 1984K, reserved 1114112K
  class space    used 159K, committed 256K, reserved 1048576K
}
Event: 44.236 GC heap before
{Heap before GC invocations=1 (full 0):
 garbage-first heap   total 65536K, used 38976K [0x00000000fc000000, 0x0000000100000000)
  region size 1024K, 33 young (33792K), 3 survivors (3072K)
 Metaspace       used 10135K, committed 10432K, reserved 1114112K
  class space    used 1330K, committed 1472K, reserved 1048576K
}
Event: 44.246 GC heap after
{Heap after GC invocations=2 (full 0):
 garbage-first heap   total 65536K, used 13846K [0x00000000fc000000, 0x0000000100000000)
  region size 1024K, 5 young (5120K), 5 survivors (5120K)
 Metaspace       used 10135K, committed 10432K, reserved 1114112K
  class space    used 1330K, committed 1472K, reserved 1048576K
}

Dll operation events (13 events):
Event: 0.015 Loaded shared library C:\Program Files\Java\jdk-20\bin\java.dll
Event: 0.029 Loaded shared library C:\Program Files\Java\jdk-20\bin\jsvml.dll
Event: 0.117 Loaded shared library C:\Program Files\Java\jdk-20\bin\net.dll
Event: 0.122 Loaded shared library C:\Program Files\Java\jdk-20\bin\nio.dll
Event: 0.137 Loaded shared library C:\Program Files\Java\jdk-20\bin\zip.dll
Event: 0.151 Loaded shared library C:\Program Files\Java\jdk-20\bin\verify.dll
Event: 0.940 Loaded shared library C:\Program Files\Java\jdk-20\bin\jimage.dll
Event: 2.029 Loaded shared library C:\Users\User\.gradle\native\c067742578af261105cb4f569cf0c3c89f3d7b1fecec35dd04571415982c5e48\windows-amd64\native-platform.dll
Event: 2.068 Loaded shared library C:\Users\User\.gradle\native\jansi\1.18\windows64\jansi.dll
Event: 2.831 Loaded shared library C:\Program Files\Java\jdk-20\bin\management.dll
Event: 2.873 Loaded shared library C:\Program Files\Java\jdk-20\bin\management_ext.dll
Event: 4.812 Loaded shared library C:\Program Files\Java\jdk-20\bin\extnet.dll
Event: 5.010 Loaded shared library C:\Program Files\Java\jdk-20\bin\sunmscapi.dll

Deoptimization events (20 events):
Event: 33.172 Thread 0x000001abebf123a0 DEOPT PACKING pc=0x000001ab87b3eb14 sp=0x0000003f371fe3d0
Event: 33.172 Thread 0x000001abebf123a0 DEOPT UNPACKING pc=0x000001ab87599d22 sp=0x0000003f371fe340 mode 2
Event: 33.172 Thread 0x000001abebf123a0 Uncommon trap: trap_request=0xffffffc6 fr.pc=0x000001ab87b3eb14 relative=0x00000000000002d4
Event: 33.172 Thread 0x000001abebf123a0 Uncommon trap: reason=bimorphic_or_optimized_type_check action=maybe_recompile pc=0x000001ab87b3eb14 method=java.util.concurrent.ConcurrentHashMap.get(Ljava/lang/Object;)Ljava/lang/Object; @ 149 c2
Event: 33.172 Thread 0x000001abebf123a0 DEOPT PACKING pc=0x000001ab87b3eb14 sp=0x0000003f371fe3d0
Event: 33.172 Thread 0x000001abebf123a0 DEOPT UNPACKING pc=0x000001ab87599d22 sp=0x0000003f371fe340 mode 2
Event: 33.172 Thread 0x000001abebf123a0 Uncommon trap: trap_request=0xffffffc6 fr.pc=0x000001ab87b3eb14 relative=0x00000000000002d4
Event: 33.172 Thread 0x000001abebf123a0 Uncommon trap: reason=bimorphic_or_optimized_type_check action=maybe_recompile pc=0x000001ab87b3eb14 method=java.util.concurrent.ConcurrentHashMap.get(Ljava/lang/Object;)Ljava/lang/Object; @ 149 c2
Event: 33.172 Thread 0x000001abebf123a0 DEOPT PACKING pc=0x000001ab87b3eb14 sp=0x0000003f371fe3d0
Event: 33.172 Thread 0x000001abebf123a0 DEOPT UNPACKING pc=0x000001ab87599d22 sp=0x0000003f371fe340 mode 2
Event: 91.275 Thread 0x000001abebf123a0 DEOPT PACKING pc=0x000001ab8032f755 sp=0x0000003f371fdde0
Event: 91.283 Thread 0x000001abebf123a0 DEOPT UNPACKING pc=0x000001ab8759a4c2 sp=0x0000003f371fd278 mode 0
Event: 193.704 Thread 0x000001abfbce8160 DEOPT PACKING pc=0x000001ab801e9eda sp=0x0000003f386fe420
Event: 193.706 Thread 0x000001abfbce8160 DEOPT UNPACKING pc=0x000001ab8759a4c2 sp=0x0000003f386fd8e0 mode 0
Event: 197.033 Thread 0x000001abfbce8160 DEOPT PACKING pc=0x000001ab8035d0f3 sp=0x0000003f386fe4a0
Event: 197.035 Thread 0x000001abfbce8160 DEOPT UNPACKING pc=0x000001ab8759a4c2 sp=0x0000003f386fd910 mode 0
Event: 266.881 Thread 0x000001abebf123a0 Uncommon trap: trap_request=0xffffff45 fr.pc=0x000001ab87b7cb88 relative=0x00000000000003e8
Event: 266.881 Thread 0x000001abebf123a0 Uncommon trap: reason=unstable_if action=reinterpret pc=0x000001ab87b7cb88 method=com.esotericsoftware.kryo.io.Input.readUtf8(I)V @ 79 c2
Event: 266.881 Thread 0x000001abebf123a0 DEOPT PACKING pc=0x000001ab87b7cb88 sp=0x0000003f371fdf90
Event: 266.882 Thread 0x000001abebf123a0 DEOPT UNPACKING pc=0x000001ab87599d22 sp=0x0000003f371fdf28 mode 2

Classes loaded (20 events):
Event: 5.819 Loading class jdk/internal/logger/LazyLoggers$1
Event: 5.820 Loading class jdk/internal/logger/LazyLoggers$1 done
Event: 5.820 Loading class jdk/internal/logger/LazyLoggers$LazyLoggerFactories
Event: 5.820 Loading class jdk/internal/logger/LazyLoggers$LazyLoggerFactories done
Event: 5.820 Loading class jdk/internal/logger/LoggerFinderLoader
Event: 5.821 Loading class jdk/internal/logger/LoggerFinderLoader done
Event: 5.821 Loading class sun/util/logging/internal/LoggingProviderImpl$JULWrapper
Event: 5.822 Loading class sun/util/logging/PlatformLogger$ConfigurableBridge$LoggerConfiguration
Event: 5.822 Loading class sun/util/logging/PlatformLogger$ConfigurableBridge$LoggerConfiguration done
Event: 5.822 Loading class sun/util/logging/internal/LoggingProviderImpl$JULWrapper done
Event: 5.823 Loading class java/io/ObjectInputFilter$Config$BuiltinFilterFactory
Event: 5.824 Loading class java/io/ObjectInputFilter$Config$BuiltinFilterFactory done
Event: 5.824 Loading class jdk/internal/access/JavaObjectInputFilterAccess
Event: 5.824 Loading class jdk/internal/access/JavaObjectInputFilterAccess done
Event: 5.825 Loading class java/lang/System$Logger$Level
Event: 5.825 Loading class java/lang/System$Logger$Level done
Event: 5.825 Loading class java/io/Bits
Event: 5.826 Loading class java/io/Bits done
Event: 33.715 Loading class java/lang/invoke/MethodHandle$1
Event: 33.716 Loading class java/lang/invoke/MethodHandle$1 done

Classes unloaded (0 events):
No events

Classes redefined (0 events):
No events

Internal exceptions (20 events):
Event: 1.944 Thread 0x000001abebf123a0 Exception <a 'java/lang/NoClassDefFoundError'{0x00000000ff6e81c8}: org/slf4j/impl/StaticMarkerBinder> (0x00000000ff6e81c8) 
thrown [s\open\src\hotspot\share\classfile\systemDictionary.cpp, line 294]
Event: 1.986 Thread 0x000001abebf123a0 Exception <a 'java/lang/NoSuchMethodError'{0x00000000ff5b4ec8}: 'java.lang.Object java.lang.invoke.DirectMethodHandle$Holder.invokeStatic(java.lang.Object, java.lang.Object, int)'> (0x00000000ff5b4ec8) 
thrown [s\open\src\hotspot\share\interpreter\linkResolver.cpp, line 773]
Event: 1.989 Thread 0x000001abebf123a0 Exception <a 'java/lang/NoSuchMethodError'{0x00000000ff5c0318}: 'void java.lang.invoke.DelegatingMethodHandle$Holder.delegate(java.lang.Object, java.lang.Object, int, java.lang.Object)'> (0x00000000ff5c0318) 
thrown [s\open\src\hotspot\share\interpreter\linkResolver.cpp, line 773]
Event: 1.990 Thread 0x000001abebf123a0 Exception <a 'java/lang/NoSuchMethodError'{0x00000000ff5c3ff8}: 'int java.lang.invoke.DirectMethodHandle$Holder.invokeSpecial(java.lang.Object, java.lang.Object, java.lang.Object)'> (0x00000000ff5c3ff8) 
thrown [s\open\src\hotspot\share\interpreter\linkResolver.cpp, line 773]
Event: 2.355 Thread 0x000001abebf123a0 Exception <a 'java/lang/NoSuchMethodError'{0x00000000ff039028}: 'java.lang.Object java.lang.invoke.DirectMethodHandle$Holder.newInvokeSpecial(java.lang.Object, java.lang.Object, java.lang.Object, java.lang.Object, java.lang.Object)'> (0x00000000ff039028) 
thrown [s\open\src\hotspot\share\interpreter\linkResolver.cpp, line 773]
Event: 2.364 Thread 0x000001abebf123a0 Exception <a 'java/lang/NoSuchMethodError'{0x00000000ff0b44f8}: 'java.lang.Object java.lang.invoke.Invokers$Holder.invokeExact_MT(java.lang.Object, java.lang.Object, java.lang.Object, java.lang.Object, java.lang.Object)'> (0x00000000ff0b44f8) 
thrown [s\open\src\hotspot\share\interpreter\linkResolver.cpp, line 773]
Event: 2.374 Thread 0x000001abebf123a0 Exception <a 'java/lang/NoSuchMethodError'{0x00000000ff0e08c0}: 'java.lang.Object java.lang.invoke.DirectMethodHandle$Holder.invokeVirtual(java.lang.Object, java.lang.Object, java.lang.Object, java.lang.Object, java.lang.Object, java.lang.Object, java.lang.Object)'> (0x00000000ff0e08c0) 
thrown [s\open\src\hotspot\share\interpreter\linkResolver.cpp, line 773]
Event: 2.382 Thread 0x000001abebf123a0 Exception <a 'java/lang/NoSuchMethodError'{0x00000000fef22f80}: 'java.lang.Object java.lang.invoke.DirectMethodHandle$Holder.invokeVirtual(java.lang.Object, java.lang.Object, java.lang.Object, java.lang.Object)'> (0x00000000fef22f80) 
thrown [s\open\src\hotspot\share\interpreter\linkResolver.cpp, line 773]
Event: 2.469 Thread 0x000001abebf123a0 Exception <a 'java/lang/NoSuchMethodError'{0x00000000fefe8098}: 'java.lang.Object java.lang.invoke.DirectMethodHandle$Holder.invokeVirtual(java.lang.Object, java.lang.Object, java.lang.Object, java.lang.Object, java.lang.Object, java.lang.Object)'> (0x00000000fefe8098) 
thrown [s\open\src\hotspot\share\interpreter\linkResolver.cpp, line 773]
Event: 2.674 Thread 0x000001abebf123a0 Implicit null exception at 0x000001ab87b36821 to 0x000001ab87b36a48
Event: 3.111 Thread 0x000001abebf123a0 Exception <a 'java/lang/NoSuchMethodError'{0x00000000fecf62c0}: 'int java.lang.invoke.DirectMethodHandle$Holder.invokeVirtual(java.lang.Object, java.lang.Object, java.lang.Object)'> (0x00000000fecf62c0) 
thrown [s\open\src\hotspot\share\interpreter\linkResolver.cpp, line 773]
Event: 3.440 Thread 0x000001abebf123a0 Exception <a 'java/lang/NoSuchMethodError'{0x00000000fea86140}: 'java.lang.Object java.lang.invoke.DirectMethodHandle$Holder.invokeVirtual(java.lang.Object, java.lang.Object, java.lang.Object, java.lang.Object, java.lang.Object)'> (0x00000000fea86140) 
thrown [s\open\src\hotspot\share\interpreter\linkResolver.cpp, line 773]
Event: 3.444 Thread 0x000001abebf123a0 Exception <a 'java/lang/NoSuchMethodError'{0x00000000fea98d30}: 'java.lang.Object java.lang.invoke.Invokers$Holder.invokeExact_MT(java.lang.Object, java.lang.Object, java.lang.Object, java.lang.Object, java.lang.Object, java.lang.Object)'> (0x00000000fea98d30) 
thrown [s\open\src\hotspot\share\interpreter\linkResolver.cpp, line 773]
Event: 3.561 Thread 0x000001abebf123a0 Exception <a 'java/lang/NoSuchMethodError'{0x00000000fe949f28}: 'java.lang.Object java.lang.invoke.DirectMethodHandle$Holder.invokeSpecialIFC(java.lang.Object, java.lang.Object, java.lang.Object, java.lang.Object)'> (0x00000000fe949f28) 
thrown [s\open\src\hotspot\share\interpreter\linkResolver.cpp, line 773]
Event: 3.565 Thread 0x000001abebf123a0 Exception <a 'java/lang/NoSuchMethodError'{0x00000000fe953748}: 'java.lang.Object java.lang.invoke.DirectMethodHandle$Holder.invokeVirtual(java.lang.Object, java.lang.Object, java.lang.Object, java.lang.Object, java.lang.Object, java.lang.Object, java.lang.Object, java.lang.Object)'> (0x00000000fe953748) 
thrown [s\open\src\hotspot\share\interpreter\linkResolver.cpp, line 773]
Event: 3.898 Thread 0x000001abebf123a0 Exception <a 'java/lang/NoSuchMethodError'{0x00000000fe333870}: 'java.lang.Object java.lang.invoke.DirectMethodHandle$Holder.invokeStaticInit(java.lang.Object, int, int, int, int)'> (0x00000000fe333870) 
thrown [s\open\src\hotspot\share\interpreter\linkResolver.cpp, line 773]
Event: 4.290 Thread 0x000001abebf123a0 Exception <a 'java/lang/NoSuchMethodError'{0x00000000fe3f7fd0}: 'java.lang.Object java.lang.invoke.DirectMethodHandle$Holder.invokeStaticInit(java.lang.Object, java.lang.Object, int, int, int, int)'> (0x00000000fe3f7fd0) 
thrown [s\open\src\hotspot\share\interpreter\linkResolver.cpp, line 773]
Event: 4.819 Thread 0x000001abebf123a0 Exception <a 'java/lang/NoSuchMethodError'{0x00000000fe2231b0}: 'void java.lang.invoke.DirectMethodHandle$Holder.invokeStatic(java.lang.Object, java.lang.Object, java.lang.Object)'> (0x00000000fe2231b0) 
thrown [s\open\src\hotspot\share\interpreter\linkResolver.cpp, line 773]
Event: 4.882 Thread 0x000001abebf123a0 Implicit null exception at 0x000001ab87b18e60 to 0x000001ab87b19344
Event: 4.888 Thread 0x000001abebf123a0 Exception <a 'java/lang/NoSuchMethodError'{0x00000000fe11c2d8}: 'void java.lang.invoke.DirectMethodHandle$Holder.invokeInterface(java.lang.Object, java.lang.Object, java.lang.Object)'> (0x00000000fe11c2d8) 
thrown [s\open\src\hotspot\share\interpreter\linkResolver.cpp, line 773]

VM Operations (20 events):
Event: 178.228 Executing VM operation: Cleanup
Event: 178.228 Executing VM operation: Cleanup done
Event: 180.255 Executing VM operation: Cleanup
Event: 180.256 Executing VM operation: Cleanup done
Event: 190.335 Executing VM operation: Cleanup
Event: 190.337 Executing VM operation: Cleanup done
Event: 192.349 Executing VM operation: Cleanup
Event: 192.350 Executing VM operation: Cleanup done
Event: 196.385 Executing VM operation: Cleanup
Event: 196.385 Executing VM operation: Cleanup done
Event: 228.698 Executing VM operation: Cleanup
Event: 228.699 Executing VM operation: Cleanup done
Event: 234.754 Executing VM operation: Cleanup
Event: 234.802 Executing VM operation: Cleanup done
Event: 274.174 Executing VM operation: Cleanup
Event: 274.174 Executing VM operation: Cleanup done
Event: 282.224 Executing VM operation: Cleanup
Event: 282.224 Executing VM operation: Cleanup done
Event: 286.238 Executing VM operation: Cleanup
Event: 286.238 Executing VM operation: Cleanup done

Events (14 events):
Event: 0.029 Thread 0x000001abebf123a0 Thread added: 0x000001abebf123a0
Event: 0.053 Thread 0x000001abf6da8050 Thread added: 0x000001abf6da8050
Event: 0.053 Thread 0x000001abf6da8b90 Thread added: 0x000001abf6da8b90
Event: 0.053 Thread 0x000001abf6daf240 Thread added: 0x000001abf6daf240
Event: 0.053 Thread 0x000001abf6db3030 Thread added: 0x000001abf6db3030
Event: 0.054 Thread 0x000001abf6db4680 Thread added: 0x000001abf6db4680
Event: 0.054 Thread 0x000001abf6db5cd0 Thread added: 0x000001abf6db5cd0
Event: 0.054 Thread 0x000001abf6db7650 Thread added: 0x000001abf6db7650
Event: 0.054 Thread 0x000001abf6dc7f60 Thread added: 0x000001abf6dc7f60
Event: 0.083 Thread 0x000001abfb0adfb0 Thread added: 0x000001abfb0adfb0
Event: 0.099 Thread 0x000001abfb0c0270 Thread added: 0x000001abfb0c0270
Event: 2.134 Thread 0x000001abfbce8160 Thread added: 0x000001abfbce8160
Event: 4.960 Thread 0x000001abfc0da970 Thread added: 0x000001abfc0da970
Event: 5.398 Thread 0x000001abfc0da970 Thread exited: 0x000001abfc0da970


Dynamic libraries:
0x00007ff77a110000 - 0x00007ff77a120000 	C:\Program Files\Java\jdk-20\bin\java.exe
0x00007fff9e3e0000 - 0x00007fff9e643000 	C:\WINDOWS\SYSTEM32\ntdll.dll
0x00007fff9c6f0000 - 0x00007fff9c7b7000 	C:\WINDOWS\System32\KERNEL32.DLL
0x00007fff9bcb0000 - 0x00007fff9c079000 	C:\WINDOWS\System32\KERNELBASE.dll
0x00007fff9b720000 - 0x00007fff9b86c000 	C:\WINDOWS\System32\ucrtbase.dll
0x00007fff6b340000 - 0x00007fff6b35b000 	C:\Program Files\Java\jdk-20\bin\VCRUNTIME140.dll
0x00007fff6b2a0000 - 0x00007fff6b2b9000 	C:\Program Files\Java\jdk-20\bin\jli.dll
0x00007fff9c250000 - 0x00007fff9c302000 	C:\WINDOWS\System32\ADVAPI32.dll
0x00007fff9c450000 - 0x00007fff9c4f9000 	C:\WINDOWS\System32\msvcrt.dll
0x00007fff9c3a0000 - 0x00007fff9c446000 	C:\WINDOWS\System32\sechost.dll
0x00007fff9de00000 - 0x00007fff9df16000 	C:\WINDOWS\System32\RPCRT4.dll
0x00007fff9d720000 - 0x00007fff9d8ea000 	C:\WINDOWS\System32\USER32.dll
0x00007fff89c50000 - 0x00007fff89ee0000 	C:\WINDOWS\WinSxS\amd64_microsoft.windows.common-controls_6595b64144ccf1df_6.0.26100.3323_none_3e088096e3344490\COMCTL32.dll
0x00007fff9c1d0000 - 0x00007fff9c1f7000 	C:\WINDOWS\System32\win32u.dll
0x00007fff9d5e0000 - 0x00007fff9d60a000 	C:\WINDOWS\System32\GDI32.dll
0x00007fff9b5e0000 - 0x00007fff9b711000 	C:\WINDOWS\System32\gdi32full.dll
0x00007fff9c080000 - 0x00007fff9c123000 	C:\WINDOWS\System32\msvcp_win.dll
0x00007fff93290000 - 0x00007fff9329b000 	C:\WINDOWS\SYSTEM32\VERSION.dll
0x00007fff9ccd0000 - 0x00007fff9ccff000 	C:\WINDOWS\System32\IMM32.DLL
0x00007fff864c0000 - 0x00007fff864cc000 	C:\Program Files\Java\jdk-20\bin\vcruntime140_1.dll
0x00007fff46e30000 - 0x00007fff46ebe000 	C:\Program Files\Java\jdk-20\bin\msvcp140.dll
0x00007ffede6f0000 - 0x00007ffedf387000 	C:\Program Files\Java\jdk-20\bin\server\jvm.dll
0x00007fff84dc0000 - 0x00007fff84dca000 	C:\WINDOWS\SYSTEM32\WSOCK32.dll
0x00007fff93250000 - 0x00007fff93286000 	C:\WINDOWS\SYSTEM32\WINMM.dll
0x00007fff9c7c0000 - 0x00007fff9c834000 	C:\WINDOWS\System32\WS2_32.dll
0x00007fff9a3c0000 - 0x00007fff9a3da000 	C:\WINDOWS\SYSTEM32\kernel.appcore.dll
0x00007fff81820000 - 0x00007fff8182a000 	C:\Program Files\Java\jdk-20\bin\jimage.dll
0x00007fff98cd0000 - 0x00007fff98f11000 	C:\WINDOWS\SYSTEM32\DBGHELP.DLL
0x00007fff9e010000 - 0x00007fff9e392000 	C:\WINDOWS\System32\combase.dll
0x00007fff9db90000 - 0x00007fff9dc66000 	C:\WINDOWS\System32\OLEAUT32.dll
0x00007fff85510000 - 0x00007fff85549000 	C:\WINDOWS\SYSTEM32\dbgcore.DLL
0x00007fff9c130000 - 0x00007fff9c1c9000 	C:\WINDOWS\System32\bcryptPrimitives.dll
0x00007fff654a0000 - 0x00007fff654c6000 	C:\Program Files\Java\jdk-20\bin\java.dll
0x00007fff3a820000 - 0x00007fff3a8f7000 	C:\Program Files\Java\jdk-20\bin\jsvml.dll
0x00007fff9cd10000 - 0x00007fff9d425000 	C:\WINDOWS\System32\SHELL32.dll
0x00007fff9b900000 - 0x00007fff9ba68000 	C:\WINDOWS\System32\wintypes.dll
0x00007fff992a0000 - 0x00007fff99ae5000 	C:\WINDOWS\SYSTEM32\windows.storage.dll
0x00007fff9df20000 - 0x00007fff9e00b000 	C:\WINDOWS\System32\SHCORE.dll
0x00007fff9db30000 - 0x00007fff9db8d000 	C:\WINDOWS\System32\shlwapi.dll
0x00007fff9b4f0000 - 0x00007fff9b51f000 	C:\WINDOWS\SYSTEM32\profapi.dll
0x00007fff69450000 - 0x00007fff69463000 	C:\Program Files\Java\jdk-20\bin\net.dll
0x00007fff90490000 - 0x00007fff905ae000 	C:\WINDOWS\SYSTEM32\WINHTTP.dll
0x00007fff9a8c0000 - 0x00007fff9a92a000 	C:\WINDOWS\system32\mswsock.dll
0x00007fff68e60000 - 0x00007fff68e76000 	C:\Program Files\Java\jdk-20\bin\nio.dll
0x00007fff67d80000 - 0x00007fff67d98000 	C:\Program Files\Java\jdk-20\bin\zip.dll
0x00007fff7c410000 - 0x00007fff7c420000 	C:\Program Files\Java\jdk-20\bin\verify.dll
0x00007fff64620000 - 0x00007fff64647000 	C:\Users\User\.gradle\native\c067742578af261105cb4f569cf0c3c89f3d7b1fecec35dd04571415982c5e48\windows-amd64\native-platform.dll
0x00007fff8fce0000 - 0x00007fff8fcea000 	C:\Users\User\.gradle\native\jansi\1.18\windows64\jansi.dll
0x00007fff798d0000 - 0x00007fff798da000 	C:\Program Files\Java\jdk-20\bin\management.dll
0x00007fff77a60000 - 0x00007fff77a6b000 	C:\Program Files\Java\jdk-20\bin\management_ext.dll
0x00007fff9d430000 - 0x00007fff9d438000 	C:\WINDOWS\System32\PSAPI.DLL
0x00007fff9ac70000 - 0x00007fff9ac8c000 	C:\WINDOWS\SYSTEM32\CRYPTSP.dll
0x00007fff9a320000 - 0x00007fff9a35a000 	C:\WINDOWS\system32\rsaenh.dll
0x00007fff9a960000 - 0x00007fff9a98b000 	C:\WINDOWS\SYSTEM32\USERENV.dll
0x00007fff9ae00000 - 0x00007fff9ae26000 	C:\WINDOWS\SYSTEM32\bcrypt.dll
0x00007fff9aaf0000 - 0x00007fff9aafc000 	C:\WINDOWS\SYSTEM32\CRYPTBASE.dll
0x00007fff99e30000 - 0x00007fff99e63000 	C:\WINDOWS\SYSTEM32\IPHLPAPI.DLL
0x00007fff9c580000 - 0x00007fff9c58a000 	C:\WINDOWS\System32\NSI.dll
0x00007fff90440000 - 0x00007fff9045f000 	C:\WINDOWS\SYSTEM32\dhcpcsvc6.DLL
0x00007fff903f0000 - 0x00007fff90415000 	C:\WINDOWS\SYSTEM32\dhcpcsvc.DLL
0x00007fff99ed0000 - 0x00007fff99ff5000 	C:\WINDOWS\SYSTEM32\DNSAPI.dll
0x00007fff6b330000 - 0x00007fff6b337000 	C:\Program Files\Java\jdk-20\bin\extnet.dll
0x00007fff8fcd0000 - 0x00007fff8fcde000 	C:\Program Files\Java\jdk-20\bin\sunmscapi.dll
0x00007fff9bb30000 - 0x00007fff9bca7000 	C:\WINDOWS\System32\CRYPT32.dll
0x00007fff9adc0000 - 0x00007fff9adf0000 	C:\WINDOWS\SYSTEM32\ncrypt.dll
0x00007fff9ad70000 - 0x00007fff9adaf000 	C:\WINDOWS\SYSTEM32\NTASN1.dll
0x00007fff894e0000 - 0x00007fff894e8000 	C:\WINDOWS\system32\wshunix.dll

dbghelp: loaded successfully - version: 4.0.5 - missing functions: none
symbol engine: initialized successfully - sym options: 0x614 - pdb path: .;C:\Program Files\Java\jdk-20\bin;C:\WINDOWS\SYSTEM32;C:\WINDOWS\WinSxS\amd64_microsoft.windows.common-controls_6595b64144ccf1df_6.0.26100.3323_none_3e088096e3344490;C:\Program Files\Java\jdk-20\bin\server;C:\Users\User\.gradle\native\c067742578af261105cb4f569cf0c3c89f3d7b1fecec35dd04571415982c5e48\windows-amd64;C:\Users\User\.gradle\native\jansi\1.18\windows64

VM Arguments:
jvm_args: -Xmx64m -Xms64m -Dorg.gradle.appname=gradlew 
java_command: org.gradle.wrapper.GradleWrapperMain app:assembleDebug -x lint -x test --configure-on-demand --build-cache -PreactNativeDevServerPort=8081 -PreactNativeArchitectures=arm64-v8a,armeabi-v7a
java_class_path (initial): C:\Users\User\Desktop\body-blue-print\android\\gradle\wrapper\gradle-wrapper.jar
Launcher Type: SUN_STANDARD

[Global flags]
     intx CICompilerCount                          = 4                                         {product} {ergonomic}
     uint ConcGCThreads                            = 2                                         {product} {ergonomic}
     uint G1ConcRefinementThreads                  = 8                                         {product} {ergonomic}
   size_t G1HeapRegionSize                         = 1048576                                   {product} {ergonomic}
    uintx GCDrainStackTargetSize                   = 64                                        {product} {ergonomic}
   size_t InitialHeapSize                          = 67108864                                  {product} {command line}
   size_t MarkStackSize                            = 4194304                                   {product} {ergonomic}
   size_t MaxHeapSize                              = 67108864                                  {product} {command line}
   size_t MaxNewSize                               = 39845888                                  {product} {ergonomic}
   size_t MinHeapDeltaBytes                        = 1048576                                   {product} {ergonomic}
   size_t MinHeapSize                              = 67108864                                  {product} {command line}
    uintx NonNMethodCodeHeapSize                   = 5839372                                {pd product} {ergonomic}
    uintx NonProfiledCodeHeapSize                  = 122909434                              {pd product} {ergonomic}
    uintx ProfiledCodeHeapSize                     = 122909434                              {pd product} {ergonomic}
    uintx ReservedCodeCacheSize                    = 251658240                              {pd product} {ergonomic}
     bool SegmentedCodeCache                       = true                                      {product} {ergonomic}
   size_t SoftMaxHeapSize                          = 67108864                               {manageable} {ergonomic}
     bool UseCompressedClassPointers               = true                           {product lp64_product} {ergonomic}
     bool UseCompressedOops                        = true                           {product lp64_product} {ergonomic}
     bool UseG1GC                                  = true                                      {product} {ergonomic}
     bool UseLargePagesIndividualAllocation        = false                                  {pd product} {ergonomic}

Logging:
Log output configuration:
 #0: stdout all=warning uptime,level,tags foldmultilines=false
 #1: stderr all=off uptime,level,tags foldmultilines=false

Environment Variables:
CLASSPATH=C:\Users\User\Desktop\body-blue-print\android\\gradle\wrapper\gradle-wrapper.jar
PATH=C:\Users\User\Desktop\body-blue-print\node_modules\.bin;C:\Users\User\Desktop\body-blue-print\node_modules\.bin;C:\Users\User\Desktop\node_modules\.bin;C:\Users\User\node_modules\.bin;C:\Users\node_modules\.bin;C:\node_modules\.bin;C:\Users\User\AppData\Roaming\npm\node_modules\npm\node_modules\@npmcli\run-script\lib\node-gyp-bin;C:\Program Files\PowerShell\7;C:\Program Files\Common Files\Oracle\Java\javapath;C:\WINDOWS\system32;C:\WINDOWS;C:\WINDOWS\System32\Wbem;C:\WINDOWS\System32\WindowsPowerShell\v1.0\;C:\WINDOWS\System32\OpenSSH\;C:\Program Files\Graphviz\bin;C:\Program Files\Git\cmd;C:\Program Files\dotnet\;C:\Program Files (x86)\sbt\bin;C:\Program Files\PuTTY\;C:\Users\User\AppData\Roaming\nvm;C:\Program Files\nodejs;C:\xampp\php;C:\composer;C:\Program Files\nodejs\;C:\Program Files\PowerShell\7\;C:\Program Files\MySQL\MySQL Shell 8.0\bin\;C:\Users\User\AppData\Local\Microsoft\WindowsApps;C:\Users\User\AppData\Local\Programs\Microsoft VS Code\bin;C:\Users\User\AppData\Local\GitHubDesktop\bin;C:\Java\jdk-16.0.1\bin;C:\Users\User\AppData\Roaming\nvm;C:\Python27;C:\Users\User\AppData\Roaming\Composer\vendor\bin;C:\Users\User\AppData\Roaming\npm;C:\Users\User\AppData\Local\Android\Sdk\platform-tools;C:\Users\User\AppData\Local\Android\Sdk\tools;C:\Users\User\AppData\Local\Android\Sdk\tools\bin;C:\Users\User\AppData\Local\Android\Sdk\emulator;
USERNAME=User
LANG=en_US.UTF-8
OS=Windows_NT
PROCESSOR_IDENTIFIER=AMD64 Family 23 Model 24 Stepping 1, AuthenticAMD
TMP=C:\Users\User\AppData\Local\Temp
TEMP=C:\Users\User\AppData\Local\Temp




---------------  S Y S T E M  ---------------

OS:
 Windows 11 , 64 bit Build 26100 (10.0.26100.3323)
OS uptime: 1 days 3:30 hours
Hyper-V role detected

CPU: total 8 (initial active 8) (8 cores per cpu, 2 threads per core) family 23 model 24 stepping 1 microcode 0x8108102, cx8, cmov, fxsr, ht, mmx, 3dnowpref, sse, sse2, sse3, ssse3, sse4a, sse4.1, sse4.2, popcnt, lzcnt, tsc, tscinvbit, avx, avx2, aes, clmul, bmi1, bmi2, adx, sha, fma, vzeroupper, clflush, clflushopt, hv, rdtscp, f16c

Memory: 4k page, system-wide physical 6030M (161M free)
TotalPageFile size 24462M (AvailPageFile size 0M)
current process WorkingSet (physical memory assigned to process): 28M, peak: 105M
current process commit charge ("private bytes"): 179M, peak: 182M

vm_info: Java HotSpot(TM) 64-Bit Server VM (20.0.1+9-29) for windows-amd64 JRE (20.0.1+9-29), built on 2023-03-07T13:56:11Z by "mach5one" with MS VC++ 17.1 (VS2022)

END.
